[2026-07-28 19:58:28] A01 向 前方 移动
[2026-07-28 19:58:28] A02 向 前方 移动
[2026-07-28 19:58:28] A03 向 前方 移动
[2026-07-28 19:58:28] A04 向 前方 移动
[2026-07-28 20:06:59] A01 已加入系统
[2026-07-28 20:06:59] A02 已加入系统
[2026-07-28 20:06:59] A03 已加入系统
[2026-07-28 20:06:59] A04 已加入系统
[2026-07-28 20:06:59] A01 向 前方 移动
[2026-07-28 20:06:59] A02 向 前方 移动
[2026-07-28 20:06:59] A03 向 前方 移动
[2026-07-28 20:06:59] A04 向 前方 移动
[2026-07-28 20:12:21] ==========系统启动==========
[2026-07-28 20:12:21] A01 已加入系统
[2026-07-28 20:12:21] A02 已加入系统
[2026-07-28 20:12:21] A03 已加入系统
[2026-07-28 20:12:21] A04 已加入系统
[2026-07-28 20:12:21] A01 向 前方 移动
[2026-07-28 20:12:21] A02 向 前方 移动
[2026-07-28 20:12:21] A03 向 前方 移动
[2026-07-28 20:12:21] A04 向 前方 移动
[2026-07-28 20:15:53] ==========系统启动==========
[2026-07-28 20:15:53] A01 已加入系统
[2026-07-28 20:15:53] A02 已加入系统
[2026-07-28 20:15:53] A03 已加入系统
[2026-07-28 20:15:53] A04 已加入系统
[2026-07-28 20:15:53] A01 完成充电
[2026-07-28 20:15:53] A02 完成充电
[2026-07-28 20:15:53] A03 完成充电
[2026-07-28 20:15:53] A04 完成充电
[2026-07-28 20:15:53] A04 已删除
[2026-07-28 20:15:53] A01 向 前方 移动
[2026-07-28 20:15:53] A02 向 前方 移动
[2026-07-28 20:15:53] A03 向 前方 移动
[2026-07-28 20:15:53] A04 向 前方 移动
[2026-07-28 20:19:14] ==========系统启动==========
[2026-07-28 20:19:14] A01 已加入系统
[2026-07-28 20:19:14] A02 已加入系统
[2026-07-28 20:19:14] A03 已加入系统
[2026-07-28 20:19:14] A04 已加入系统
[2026-07-28 20:19:14] A01 完成充电
[2026-07-28 20:19:14] A02 完成充电
[2026-07-28 20:19:14] A03 完成充电
[2026-07-28 20:19:14] A04 完成充电
[2026-07-28 20:19:14] A04 已删除
[2026-07-28 20:19:14] A01 向 前方 移动
[2026-07-28 20:19:14] A02 向 前方 移动
[2026-07-28 20:19:14] A03 向 前方 移动
[2026-07-28 20:19:14] A04 向 前方 移动
[2026-07-28 20:21:58] ==========系统启动==========
[2026-07-28 20:21:58] A01 已加入系统
[2026-07-28 20:21:58] A02 已加入系统
[2026-07-28 20:21:58] A03 已加入系统
[2026-07-28 20:21:58] A04 已加入系统
[2026-07-28 20:22:29] ==========系统启动==========
[2026-07-28 20:22:29] A01 已加入系统
[2026-07-28 20:22:29] A02 已加入系统
[2026-07-28 20:22:29] A03 已加入系统
[2026-07-28 20:22:29] A04 已加入系统
[2026-07-28 20:23:11] ==========系统启动==========
[2026-07-28 20:23:11] A01 已加入系统
[2026-07-28 20:23:11] A02 已加入系统
[2026-07-28 20:23:11] A03 已加入系统
[2026-07-28 20:23:11] A04 已加入系统
[2026-07-28 20:23:49] ==========系统启动==========
[2026-07-28 20:23:49] A01 已加入系统
[2026-07-28 20:23:49] A02 已加入系统
[2026-07-28 20:23:49] A03 已加入系统
[2026-07-28 20:23:49] A04 已加入系统
[2026-07-28 20:25:06] ==========系统启动==========
[2026-07-28 20:25:06] A01 已加入系统
[2026-07-28 20:25:06] A02 已加入系统
[2026-07-28 20:25:06] A03 已加入系统
[2026-07-28 20:25:06] A04 已加入系统
[2026-07-28 20:27:53] ==========系统启动==========
[2026-07-28 20:27:53] A01 已加入系统
[2026-07-28 20:27:53] A02 已加入系统
[2026-07-28 20:27:53] A03 已加入系统
[2026-07-28 20:27:53] A04 已加入系统
[2026-07-28 20:27:53] A01 启动
[2026-07-28 20:27:53] A01 完成充电
[2026-07-28 20:27:53] A02 完成充电
[2026-07-28 20:27:53] A03 完成充电
[2026-07-28 20:27:53] A04 完成充电
[2026-07-28 20:27:53] A04 已删除
[2026-07-28 20:27:53] A01 向 前方 移动
[2026-07-28 20:27:53] A02 向 前方 移动
[2026-07-28 20:27:53] A03 向 前方 移动
[2026-07-28 20:27:53] A04 向 前方 移动
[2026-07-28 20:29:45] ==========系统启动==========
[2026-07-28 20:29:45] A01 已加入系统
[2026-07-28 20:29:45] A02 已加入系统
[2026-07-28 20:29:45] A03 已加入系统
[2026-07-28 20:29:45] A04 已加入系统
[2026-07-28 20:29:45] A01 启动
[2026-07-28 20:29:45] A04 已删除
[2026-07-28 20:29:45] A01 向 前方 移动
[2026-07-28 20:29:45] A02 电量不足，移动失败
[2026-07-28 20:29:45] A03 向 前方 移动
[2026-07-28 20:29:45] A04 向 前方 移动
[2026-07-28 20:29:45] A01 完成充电
[2026-07-28 20:29:45] A02 完成充电
[2026-07-28 20:29:45] A03 完成充电
[2026-07-28 20:29:45] A04 完成充电
[2026-07-28 20:38:23] ==========系统启动==========
[2026-07-28 20:38:23] A01 已加入系统
[2026-07-28 20:38:23] A02 已加入系统
[2026-07-28 20:38:23] A03 已加入系统
[2026-07-28 20:38:23] A04 已加入系统
[2026-07-28 20:38:23] A01 启动
[2026-07-28 20:38:23] A04 已删除
[2026-07-28 20:38:23] A01 向 前方 移动
[2026-07-28 20:38:23] A02 电量不足，移动失败
[2026-07-28 20:38:23] A03 向 前方 移动
[2026-07-28 20:38:23] A01 完成充电
[2026-07-28 20:38:23] A02 完成充电
[2026-07-28 20:38:23] A03 完成充电
[2026-07-28 20:40:16] ==========系统启动==========
[2026-07-28 20:40:16] A01 已加入系统
[2026-07-28 20:40:16] A02 已加入系统
[2026-07-28 20:40:16] A03 已加入系统
[2026-07-28 20:40:16] A04 已加入系统
[2026-07-28 20:40:16] A01 启动
[2026-07-28 20:40:16] A01 正在搬运晶圆
[2026-07-28 20:40:16] A04 已删除
[2026-07-28 20:40:16] A01 正在搬运晶圆
[2026-07-28 20:40:16] A01 向 前方 移动
[2026-07-28 20:40:16] A02 电量不足，移动失败
[2026-07-28 20:40:16] A03 向 前方 移动
[2026-07-28 20:40:16] A01 完成充电
[2026-07-28 20:40:16] A02 完成充电
[2026-07-28 20:40:16] A03 完成充电
[2026-07-28 20:41:29] ==========系统启动==========
[2026-07-28 20:41:29] A01 已加入系统
[2026-07-28 20:41:29] A02 已加入系统
[2026-07-28 20:41:29] A03 已加入系统
[2026-07-28 20:41:29] A04 已加入系统
[2026-07-28 20:41:29] A01 启动
[2026-07-28 20:41:29] A01 正在搬运晶圆
[2026-07-28 20:41:29] A04 已删除
[2026-07-28 20:41:29] A01 向 前方 移动
[2026-07-28 20:41:29] A02 电量不足，移动失败
[2026-07-28 20:41:29] A03 向 前方 移动
[2026-07-28 20:41:29] A01 完成充电
[2026-07-28 20:41:29] A02 完成充电
[2026-07-28 20:41:29] A03 完成充电
[2026-07-28 20:48:44] ==========系统启动==========
[2026-07-28 20:48:44] A01 已加入系统
[2026-07-28 20:48:44] A02 已加入系统
[2026-07-28 20:48:44] A03 已加入系统
[2026-07-28 20:48:44] A04 已加入系统
[2026-07-28 20:48:44] A01 启动
[2026-07-28 20:48:44] A01 正在搬运晶圆
[2026-07-28 20:48:44] A04 已删除
[2026-07-28 20:48:44] A01 向 前方 移动
[2026-07-28 20:48:44] A02 电量不足，移动失败
[2026-07-28 20:48:44] A03 向 前方 移动
[2026-07-28 20:48:44] A01 完成充电
[2026-07-28 20:48:44] A02 完成充电
[2026-07-28 20:48:44] A03 完成充电
[2026-07-28 20:49:55] ==========系统启动==========
[2026-07-28 20:49:55] A01 已加入系统
[2026-07-28 20:49:55] A02 已加入系统
[2026-07-28 20:49:55] A03 已加入系统
[2026-07-28 20:49:55] A04 已加入系统
[2026-07-28 20:49:55] A01 启动
[2026-07-28 20:49:55] A01 正在搬运晶圆
[2026-07-28 20:49:55] A04 已删除
[2026-07-28 20:49:55] A01 向 前方 移动
[2026-07-28 20:49:55] A02 电量不足，移动失败
[2026-07-28 20:49:55] A03 向 前方 移动
[2026-07-28 20:49:55] A01 完成充电
[2026-07-28 20:49:55] A02 完成充电
[2026-07-28 20:49:55] A03 完成充电
[2026-07-28 20:50:50] ==========系统启动==========
[2026-07-28 20:50:50] A01 已加入系统
[2026-07-28 20:50:50] A02 已加入系统
[2026-07-28 20:50:50] A03 已加入系统
[2026-07-28 20:50:50] A04 已加入系统
[2026-07-28 20:50:50] A01 启动
[2026-07-28 20:50:50] A01 正在搬运晶圆
[2026-07-28 20:50:50] A04 已删除
[2026-07-28 20:50:50] A01 向 前方 移动
[2026-07-28 20:50:50] A02 电量不足，移动失败
[2026-07-28 20:50:50] A03 向 前方 移动
[2026-07-28 20:50:50] A01 完成充电
[2026-07-28 20:50:50] A02 完成充电
[2026-07-28 20:50:50] A03 完成充电
[2026-07-28 20:56:22] ==========系统启动==========
[2026-07-28 20:56:22] A01 已加入系统
[2026-07-28 20:56:22] A02 已加入系统
[2026-07-28 20:56:22] A03 已加入系统
[2026-07-28 20:56:22] A04 已加入系统
[2026-07-28 20:56:22] A01 启动
[2026-07-28 20:56:22] A01 正在搬运晶圆
[2026-07-28 20:56:22] A04 已删除
[2026-07-28 20:56:22] A01 向 前方 移动
[2026-07-28 20:56:22] A02 电量不足，移动失败
[2026-07-28 20:56:22] A03 向 前方 移动
[2026-07-28 20:56:22] A01 完成充电
[2026-07-28 20:56:22] A02 完成充电
[2026-07-28 20:56:22] A03 完成充电
[2026-07-28 22:50:59] ==========系统启动==========
[2026-07-28 22:50:59] A01 已加入系统
[2026-07-28 22:50:59] A02 已加入系统
[2026-07-28 22:50:59] A03 已加入系统
[2026-07-28 22:50:59] A04 已加入系统
[2026-07-28 22:50:59] A01 启动
[2026-07-28 22:50:59] A01 正在搬运晶圆
[2026-07-28 22:50:59] A04 已删除
[2026-07-28 22:50:59] A01 向 前方 移动
[2026-07-28 22:50:59] A02 电量不足，移动失败
[2026-07-28 22:50:59] A03 向 前方 移动
[2026-07-28 22:50:59] A01 完成充电
[2026-07-28 22:50:59] A02 完成充电
[2026-07-28 22:50:59] A03 完成充电
[2026-07-28 22:53:00] ==========系统启动==========
[2026-07-28 22:53:00] A01 已加入系统
[2026-07-28 22:53:00] A02 已加入系统
[2026-07-28 22:53:00] A03 已加入系统
[2026-07-28 22:53:00] A04 已加入系统
[2026-07-28 22:53:00] A01 启动
[2026-07-28 22:53:00] A01 正在搬运晶圆
[2026-07-28 22:53:00] A04 已删除
[2026-07-28 22:53:00] A01 向 前方 移动
[2026-07-28 22:53:00] A02 电量不足，移动失败
[2026-07-28 22:53:00] A03 向 前方 移动
[2026-07-28 22:53:00] A01 完成充电
[2026-07-28 22:53:00] A02 完成充电
[2026-07-28 22:53:00] A03 完成充电
[2026-07-28 22:53:24] ==========系统启动==========
[2026-07-28 22:53:24] A01 已加入系统
[2026-07-28 22:53:24] A02 已加入系统
[2026-07-28 22:53:24] A03 已加入系统
[2026-07-28 22:53:24] A04 已加入系统
[2026-07-28 22:53:24] A01 启动
[2026-07-28 22:53:24] A01 正在搬运晶圆
[2026-07-28 22:53:24] A04 已删除
[2026-07-28 22:53:24] A01 向 前方 移动
[2026-07-28 22:53:24] A02 电量不足，移动失败
[2026-07-28 22:53:24] A03 向 前方 移动
[2026-07-28 22:53:24] A01 完成充电
[2026-07-28 22:53:24] A02 完成充电
[2026-07-28 22:53:24] A03 完成充电
[2026-07-28 22:54:14] ==========系统启动==========
[2026-07-28 22:54:14] A01 已加入系统
[2026-07-28 22:54:14] A02 已加入系统
[2026-07-28 22:54:14] A03 已加入系统
[2026-07-28 22:54:14] A04 已加入系统
[2026-07-28 22:54:14] A01 启动
[2026-07-28 22:54:14] A01 正在搬运晶圆
[2026-07-28 22:54:14] A04 已删除
[2026-07-28 22:54:14] A01 向 前方 移动
[2026-07-28 22:54:14] A02 电量不足，移动失败
[2026-07-28 22:54:14] A03 向 前方 移动
[2026-07-28 22:54:14] A01 完成充电
[2026-07-28 22:54:14] A02 完成充电
[2026-07-28 22:54:14] A03 完成充电
[2026-07-28 22:55:18] ==========系统启动==========
[2026-07-28 22:55:18] A01 已加入系统
[2026-07-28 22:55:18] A02 已加入系统
[2026-07-28 22:55:18] A03 已加入系统
[2026-07-28 22:55:18] A04 已加入系统
[2026-07-28 22:55:18] A01 启动
[2026-07-28 22:55:18] A01 正在搬运晶圆
[2026-07-28 22:55:18] A04 已删除
[2026-07-28 22:55:18] A01 向 前方 移动
[2026-07-28 22:55:18] A02 电量不足，移动失败
[2026-07-28 22:55:18] A03 向 前方 移动
[2026-07-28 22:55:18] A01 完成充电
[2026-07-28 22:55:18] A02 完成充电
[2026-07-28 22:55:18] A03 完成充电
[2026-07-28 22:55:34] ==========系统启动==========
[2026-07-28 22:55:34] A01 已加入系统
[2026-07-28 22:55:34] A02 已加入系统
[2026-07-28 22:55:34] A03 已加入系统
[2026-07-28 22:55:34] A04 已加入系统
[2026-07-28 22:55:34] A01 启动
[2026-07-28 22:55:34] A01 正在搬运晶圆
[2026-07-28 22:55:34] A04 已删除
[2026-07-28 22:55:34] A01 向 前方 移动
[2026-07-28 22:55:34] A02 电量不足，移动失败
[2026-07-28 22:55:34] A03 向 前方 移动
[2026-07-28 22:55:34] A01 完成充电
[2026-07-28 22:55:34] A02 完成充电
[2026-07-28 22:55:34] A03 完成充电
[2026-07-28 23:21:40] ==========系统启动==========
[2026-07-28 23:21:40] A01 已加入系统
[2026-07-28 23:21:40] A02 已加入系统
[2026-07-28 23:21:40] A03 已加入系统
[2026-07-28 23:21:40] A04 已加入系统
[2026-07-28 23:21:40] A01 启动
[2026-07-28 23:21:40] A01 正在搬运晶圆
[2026-07-28 23:21:40] A04 已删除
[2026-07-28 23:21:40] A01 向 前方 移动
[2026-07-28 23:21:40] A02 电量不足，移动失败
[2026-07-28 23:21:40] A03 向 前方 移动
[2026-07-28 23:21:40] A01 完成充电
[2026-07-28 23:21:40] A02 完成充电
[2026-07-28 23:21:40] A03 完成充电
[2026-07-28 23:25:06] ==========系统启动==========
[2026-07-28 23:25:06] A01 已加入系统
[2026-07-28 23:25:06] A02 已加入系统
[2026-07-28 23:25:06] A03 已加入系统
[2026-07-28 23:25:06] A04 已加入系统
[2026-07-28 23:25:06] A01 启动
[2026-07-28 23:25:06] A01 正在搬运晶圆
[2026-07-28 23:25:06] A04 已删除
[2026-07-28 23:25:06] A01 向 前方 移动
[2026-07-28 23:25:06] A02 电量不足，移动失败
[2026-07-28 23:25:06] A03 向 前方 移动
[2026-07-28 23:25:06] A01 完成充电
[2026-07-28 23:25:06] A02 完成充电
[2026-07-28 23:25:06] A03 完成充电
[2026-07-28 23:25:56] ==========系统启动==========
[2026-07-28 23:25:56] A01 已加入系统
[2026-07-28 23:25:56] A02 已加入系统
[2026-07-28 23:25:56] A03 已加入系统
[2026-07-28 23:25:56] A04 已加入系统
[2026-07-28 23:25:56] A01 启动
[2026-07-28 23:25:56] A01 正在搬运晶圆
[2026-07-28 23:25:56] A04 已删除
[2026-07-28 23:25:56] A01 向 前方 移动
[2026-07-28 23:25:56] A02 电量不足，移动失败
[2026-07-28 23:25:56] A03 向 前方 移动
[2026-07-28 23:25:56] A01 完成充电
[2026-07-28 23:25:56] A02 完成充电
[2026-07-28 23:25:56] A03 完成充电
[2026-07-28 23:26:25] ==========系统启动==========
[2026-07-28 23:26:25] A01 已加入系统
[2026-07-28 23:26:25] A02 已加入系统
[2026-07-28 23:26:25] A03 已加入系统
[2026-07-28 23:26:25] A04 已加入系统
[2026-07-28 23:26:25] A01 启动
[2026-07-28 23:26:25] A01 正在搬运晶圆
[2026-07-28 23:26:25] A04 已删除
[2026-07-28 23:26:25] A01 向 前方 移动
[2026-07-28 23:26:25] A02 电量不足，移动失败
[2026-07-28 23:26:25] A03 向 前方 移动
[2026-07-28 23:26:25] A01 完成充电
[2026-07-28 23:26:25] A02 完成充电
[2026-07-28 23:26:25] A03 完成充电
[2026-07-28 23:36:34] ==========系统启动==========
[2026-07-28 23:36:34] A01 已加入系统
[2026-07-28 23:36:34] A02 已加入系统
[2026-07-28 23:36:34] A03 已加入系统
[2026-07-28 23:36:34] A04 已加入系统
[2026-07-28 23:36:34] A01 启动
[2026-07-28 23:36:34] A01 正在搬运晶圆
[2026-07-28 23:36:34] A04 已删除
[2026-07-28 23:36:34] A01 向 前方 移动
[2026-07-28 23:36:34] A02 电量不足，移动失败
[2026-07-28 23:36:34] A03 向 前方 移动
[2026-07-28 23:36:34] A01 完成充电
[2026-07-28 23:36:34] A02 完成充电
[2026-07-28 23:36:34] A03 完成充电
[2026-07-28 23:37:15] ==========系统启动==========
[2026-07-28 23:37:15] A01 已加入系统
[2026-07-28 23:37:15] A02 已加入系统
[2026-07-28 23:37:15] A03 已加入系统
[2026-07-28 23:37:15] A04 已加入系统
[2026-07-28 23:37:15] A01 启动
[2026-07-28 23:37:15] A01 正在搬运晶圆
[2026-07-28 23:37:15] A04 已删除
[2026-07-28 23:37:15] A01 向 前方 移动
[2026-07-28 23:37:15] A02 电量不足，移动失败
[2026-07-28 23:37:15] A03 向 前方 移动
[2026-07-28 23:37:15] A01 完成充电
[2026-07-28 23:37:15] A02 完成充电
[2026-07-28 23:37:15] A03 完成充电
[2026-07-29 19:07:42] ==========系统启动==========
[2026-07-29 19:07:42] A01 已加入系统
[2026-07-29 19:07:42] A02 已加入系统
[2026-07-29 19:07:42] A03 已加入系统
[2026-07-29 19:07:42] A04 已加入系统
[2026-07-29 19:07:42] A01 启动
[2026-07-29 19:07:42] A01 正在搬运晶圆
[2026-07-29 19:07:42] A04 已删除
[2026-07-29 19:07:42] A01 向 前方 移动
[2026-07-29 19:07:42] A02 电量不足，移动失败
[2026-07-29 19:07:42] A03 向 前方 移动
[2026-07-29 19:07:42] A01 完成充电
[2026-07-29 19:07:42] A02 完成充电
[2026-07-29 19:07:42] A03 完成充电
[2026-07-29 19:08:34] ==========系统启动==========
[2026-07-29 19:08:34] A01 已加入系统
[2026-07-29 19:08:34] A02 已加入系统
[2026-07-29 19:08:34] A03 已加入系统
[2026-07-29 19:08:34] A04 已加入系统
[2026-07-29 19:08:34] A01 启动
[2026-07-29 19:08:34] A01 正在搬运晶圆
[2026-07-29 19:08:34] A04 已删除
[2026-07-29 19:08:34] A01 向 前方 移动
[2026-07-29 19:08:34] A02 电量不足，移动失败
[2026-07-29 19:08:34] A03 向 前方 移动
[2026-07-29 19:08:34] A01 完成充电
[2026-07-29 19:08:34] A02 完成充电
[2026-07-29 19:08:34] A03 完成充电
[2026-07-29 19:21:13] ==========系统启动==========
[2026-07-29 19:21:13] A01 已加入系统
[2026-07-29 19:21:13] A02 已加入系统
[2026-07-29 19:21:13] A03 已加入系统
[2026-07-29 19:21:13] A04 已加入系统
[2026-07-29 19:21:13] A01 启动
[2026-07-29 19:21:13] A01 正在搬运晶圆
[2026-07-29 19:21:13] A04 已删除
[2026-07-29 19:21:13] A01 向 前方 移动
[2026-07-29 19:21:13] A02 电量不足，移动失败
[2026-07-29 19:21:13] A03 向 前方 移动
[2026-07-29 19:21:13] A01 完成充电
[2026-07-29 19:21:13] A02 完成充电
[2026-07-29 19:21:13] A03 完成充电
[2026-07-29 19:22:14] ==========系统启动==========
[2026-07-29 19:22:14] A01 已加入系统
[2026-07-29 19:22:14] A02 已加入系统
[2026-07-29 19:22:14] A03 已加入系统
[2026-07-29 19:22:14] A04 已加入系统
[2026-07-29 19:22:14] A01 启动
[2026-07-29 19:22:14] A01 正在搬运晶圆
[2026-07-29 19:22:14] A04 已删除
[2026-07-29 19:22:14] A01 向 前方 移动
[2026-07-29 19:22:14] A02 电量不足，移动失败
[2026-07-29 19:22:14] A03 向 前方 移动
[2026-07-29 19:22:14] A01 完成充电
[2026-07-29 19:22:14] A02 完成充电
[2026-07-29 19:22:14] A03 完成充电
[2026-07-29 19:22:14] 读取失败：机器人数据文件不存在
[2026-07-29 19:42:51] ==========系统启动==========
[2026-07-29 19:48:50] ==========系统启动==========
[2026-07-29 19:48:50] A01 已加入系统
[2026-07-29 19:48:50] A02 已加入系统
[2026-07-29 19:48:50] A03 已加入系统
[2026-07-29 19:48:50] A01 正在搬运晶圆
[2026-07-29 19:48:50] A01 向 前方 移动
[2026-07-29 19:48:50] A02 向 前方 移动
[2026-07-29 19:48:50] A03 向 前方 移动
[2026-07-29 19:48:50] A01 完成充电
[2026-07-29 19:48:50] A02 完成充电
[2026-07-29 19:48:50] A03 完成充电
[2026-07-29 19:49:20] ==========系统启动==========
[2026-07-29 19:49:20] A01 已加入系统
[2026-07-29 19:49:20] A02 已加入系统
[2026-07-29 19:49:20] A03 已加入系统
[2026-07-29 19:49:20] A01 正在搬运晶圆
[2026-07-29 19:49:20] A01 向 前方 移动
[2026-07-29 19:49:20] A02 向 前方 移动
[2026-07-29 19:49:20] A03 向 前方 移动
[2026-07-29 19:49:20] A01 完成充电
[2026-07-29 19:49:20] A02 完成充电
[2026-07-29 19:49:20] A03 完成充电
[2026-07-29 19:49:47] ==========系统启动==========
[2026-07-29 19:49:47] A01 已加入系统
[2026-07-29 19:49:47] A02 已加入系统
[2026-07-29 19:49:47] A03 已加入系统
[2026-07-29 19:49:47] A01 正在搬运晶圆
[2026-07-29 19:49:47] A01 向 前方 移动
[2026-07-29 19:49:47] A02 向 前方 移动
[2026-07-29 19:49:47] A03 向 前方 移动
[2026-07-29 19:49:47] A01 完成充电
[2026-07-29 19:49:47] A02 完成充电
[2026-07-29 19:49:47] A03 完成充电
[2026-07-29 19:50:14] ==========系统启动==========
[2026-07-29 19:50:14] A01 已加入系统
[2026-07-29 19:50:14] A02 已加入系统
[2026-07-29 19:50:14] A03 已加入系统
[2026-07-29 19:50:14] A01 正在搬运晶圆
[2026-07-29 19:50:14] A01 向 前方 移动
[2026-07-29 19:50:14] A02 向 前方 移动
[2026-07-29 19:50:14] A03 向 前方 移动
[2026-07-29 19:50:14] A01 完成充电
[2026-07-29 19:50:14] A02 完成充电
[2026-07-29 19:50:14] A03 完成充电
[2026-07-29 19:51:04] ==========系统启动==========
[2026-07-29 19:51:04] A01 已加入系统
[2026-07-29 19:51:04] A02 已加入系统
[2026-07-29 19:51:04] A03 已加入系统
[2026-07-29 19:51:04] A01 正在搬运晶圆
[2026-07-29 19:53:03] ==========系统启动==========
[2026-07-29 19:53:03] A01 已加入系统
[2026-07-29 19:53:03] A02 已加入系统
[2026-07-29 19:53:03] A03 已加入系统
[2026-07-29 19:53:03] A01 正在搬运晶圆
[2026-07-29 22:19:12] ==========系统启动==========
[2026-07-29 22:19:12] A01 已加入系统
[2026-07-29 22:19:12] A02 已加入系统
[2026-07-29 22:19:12] A03 已加入系统
[2026-07-29 22:19:12] A05 已加入系统
[2026-07-29 22:19:12] A01 正在搬运晶圆
